vite v8.0.14 building client environment for production...
[2Ktransforming...✓ 5382 modules transformed.
✗ Build failed in 2.57s
error during build:
Build failed with 1 error:

[plugin vite:css] /home/user/src/index.css:136:4
CssSyntaxError: [postcss] /home/user/src/index.css:136:5: The `shadow-glass` class does not exist. If `shadow-glass` is a custom class, make sure it is defined within a `@layer` directive.
    at Input.error (/home/user/node_modules/vite/node_modules/postcss/lib/input.js:135:16)
    at AtRule.error (/home/user/node_modules/vite/node_modules/postcss/lib/node.js:146:32)
    at processApply (/home/user/node_modules/tailwindcss/lib/lib/expandApplyAtRules.js:380:29)
    at /home/user/node_modules/tailwindcss/lib/lib/expandApplyAtRules.js:538:9
    at /home/user/node_modules/tailwindcss/lib/processTailwindFeatures.js:57:50
    at async plugins (/home/user/node_modules/tailwindcss/lib/plugin.js:38:17)
    at async LazyResult.runAsync (/home/user/node_modules/vite/node_modules/postcss/lib/lazy-result.js:293:11)
    at async runPostCSS (file:///home/user/node_modules/vite/dist/node/chunks/node.js:21055:19)
    at async compilePostCSS (file:///home/user/node_modules/vite/dist/node/chunks/node.js:21039:6)
    at async compileCSS (file:///home/user/node_modules/vite/dist/node/chunks/node.js:20969:26)
    at aggregateBindingErrorsIntoJsError (file:///home/user/node_modules/rolldown/dist/shared/error-B8po7KiL.mjs:48:18)
    at unwrapBindingResult (file:///home/user/node_modules/rolldown/dist/shared/error-B8po7KiL.mjs:18:128)
    at #build (file:///home/user/node_modules/rolldown/dist/shared/rolldown-build-9MccaWPU.mjs:3236:34)
    at async buildEnvironment (file:///home/user/node_modules/vite/dist/node/chunks/node.js:33137:64)
    at async Object.build (file:///home/user/node_modules/vite/dist/node/chunks/node.js:33559:19)
    at async Object.buildApp (file:///home/user/node_modules/vite/dist/node/chunks/node.js:33556:153)
    at async CAC.<anonymous> (file:///home/user/node_modules/vite/dist/node/cli.js:777:3) {
  errors: [Getter/Setter]
}
